// Jest Snapshot v1, https://goo.gl/fbAQLP

exports[`Footer should render correctly 1`] = `
.c0 {
  background: url('/images/header.jpg') no-repeat center center fixed;
  background-size: cover;
  margin-top: 50px;
  min-height: 30px;
}

<div
  class="c0"
  data-testid="footer"
/>
`;
