// Jest Snapshot v1, https://goo.gl/fbAQLP

exports[`VideoCard should render correctly 1`] = `
.c0 {
  cursor: pointer;
  width: 100%;
}

.c0:hover {
  box-shadow: 0px 0px 0px 2px rgba(0,0,0,0.2);
}

<img
  class="c0"
  data-testid="video-card"
  src="https://www.themoviedb.org/t/p/w220_and_h330_face/drulhSX7P5TQlEMQZ3JoXKSDEfz.jpg"
/>
`;
